// Jest Snapshot v1, https://goo.gl/fbAQLP

exports[`Spinner component it matches snapshot 1`] = `
<DocumentFragment>
  <div
    class="sc-aYaIB ioSHbt"
    data-testid="spinner-overlay"
  >
    <div
      class="sc-gEvDqW dlMaxF"
    />
  </div>
</DocumentFragment>
`;
